---
source: src/io.rs
expression: records
---
- CB: 22052948
  UMI: 2495978
  EC: 341022
  COUNT: 1
  FLAG: 0
- CB: 22059095
  UMI: 7118842
  EC: 682577
  COUNT: 2
  FLAG: 0
- CB: 22059095
  UMI: 16417140
  EC: 777202
  COUNT: 1
  FLAG: 0
- CB: 22091739
  UMI: 10209834
  EC: 99080
  COUNT: 1
  FLAG: 0
- CB: 22212903
  UMI: 3660464
  EC: 374832
  COUNT: 1
  FLAG: 0
- CB: 22243069
  UMI: 2102341
  EC: 189254
  COUNT: 1
  FLAG: 0
- CB: 22243069
  UMI: 14105192
  EC: 18605
  COUNT: 1
  FLAG: 0
- CB: 25210647
  UMI: 6818430
  EC: 760855
  COUNT: 1
  FLAG: 0
- CB: 25241474
  UMI: 15994806
  EC: 328187
  COUNT: 1
  FLAG: 0
- CB: 25359805
  UMI: 12322924
  EC: 134459
  COUNT: 2
  FLAG: 0
- CB: 25391854
  UMI: 3896277
  EC: 115320
  COUNT: 1
  FLAG: 0
- CB: 27042630
  UMI: 4573971
  EC: 748901
  COUNT: 1
  FLAG: 0
- CB: 27181575
  UMI: 5385107
  EC: 367670
  COUNT: 2
  FLAG: 0
- CB: 27190788
  UMI: 16234812
  EC: 209582
  COUNT: 1
  FLAG: 0
- CB: 27220387
  UMI: 16367537
  EC: 754103
  COUNT: 1
  FLAG: 0
- CB: 33861171
  UMI: 3093163
  EC: 415716
  COUNT: 1
  FLAG: 0
- CB: 33892145
  UMI: 11825900
  EC: 48645
  COUNT: 2
  FLAG: 0
- CB: 34007800
  UMI: 3909839
  EC: 686315
  COUNT: 1
  FLAG: 0
- CB: 34041441
  UMI: 10001953
  EC: 279415
  COUNT: 1
  FLAG: 0
- CB: 42762356
  UMI: 7569591
  EC: 74754
  COUNT: 2
  FLAG: 0
- CB: 42762356
  UMI: 16684524
  EC: 760879
  COUNT: 1
  FLAG: 0
- CB: 42765189
  UMI: 10042244
  EC: 219636
  COUNT: 1
  FLAG: 0
- CB: 42766935
  UMI: 11679686
  EC: 760785
  COUNT: 1
  FLAG: 0
- CB: 42797995
  UMI: 14862255
  EC: 393878
  COUNT: 1
  FLAG: 0
- CB: 42800276
  UMI: 13868766
  EC: 243634
  COUNT: 5
  FLAG: 0
- CB: 42810739
  UMI: 1732754
  EC: 313110
  COUNT: 2
  FLAG: 0
- CB: 42810739
  UMI: 14344722
  EC: 110886
  COUNT: 2
  FLAG: 0
- CB: 42920710
  UMI: 8816524
  EC: 324847
  COUNT: 1
  FLAG: 0
- CB: 42943520
  UMI: 7437569
  EC: 388957
  COUNT: 1
  FLAG: 0
- CB: 42955234
  UMI: 8232614
  EC: 659487
  COUNT: 1
  FLAG: 0
- CB: 44350080
  UMI: 9100851
  EC: 9413
  COUNT: 1
  FLAG: 0
- CB: 44487037
  UMI: 8130113
  EC: 515521
  COUNT: 2
  FLAG: 0
- CB: 44517000
  UMI: 6071556
  EC: 673206
  COUNT: 1
  FLAG: 0
- CB: 44519320
  UMI: 6098691
  EC: 760784
  COUNT: 2
  FLAG: 0
- CB: 44529911
  UMI: 14806727
  EC: 710968
  COUNT: 1
  FLAG: 0
- CB: 45133255
  UMI: 6556164
  EC: 283993
  COUNT: 2
  FLAG: 0
- CB: 45159195
  UMI: 6896762
  EC: 405475
  COUNT: 1
  FLAG: 0
- CB: 45272476
  UMI: 1270925
  EC: 549936
  COUNT: 1
  FLAG: 0
- CB: 45279950
  UMI: 6152485
  EC: 760937
  COUNT: 1
  FLAG: 0
- CB: 45308722
  UMI: 5340768
  EC: 388957
  COUNT: 1
  FLAG: 0
- CB: 45314373
  UMI: 10557805
  EC: 739281
  COUNT: 1
  FLAG: 0
- CB: 47480903
  UMI: 16629522
  EC: 760898
  COUNT: 1
  FLAG: 0
- CB: 47519196
  UMI: 15084970
  EC: 112144
  COUNT: 1
  FLAG: 0
- CB: 47636396
  UMI: 16518811
  EC: 402343
  COUNT: 1
  FLAG: 0
- CB: 47662510
  UMI: 5165845
  EC: 70734
  COUNT: 1
  FLAG: 0
- CB: 47662510
  UMI: 15883513
  EC: 235993
  COUNT: 1
  FLAG: 0
- CB: 47676052
  UMI: 7001097
  EC: 203298
  COUNT: 1
  FLAG: 0
- CB: 48279885
  UMI: 1691544
  EC: 217296
  COUNT: 1
  FLAG: 0
- CB: 48280800
  UMI: 13625413
  EC: 289258
  COUNT: 1
  FLAG: 0
- CB: 48303128
  UMI: 9136434
  EC: 70837
  COUNT: 1
  FLAG: 0
- CB: 48306060
  UMI: 10786069
  EC: 399683
  COUNT: 2
  FLAG: 0
- CB: 48314949
  UMI: 12559951
  EC: 294266
  COUNT: 1
  FLAG: 0
- CB: 48418141
  UMI: 13103099
  EC: 222915
  COUNT: 1
  FLAG: 0
- CB: 48448338
  UMI: 13730199
  EC: 760819
  COUNT: 1
  FLAG: 0
- CB: 48460113
  UMI: 6729074
  EC: 760852
  COUNT: 1
  FLAG: 0
- CB: 60853653
  UMI: 4649308
  EC: 155238
  COUNT: 1
  FLAG: 0
- CB: 60858055
  UMI: 4684972
  EC: 415716
  COUNT: 1
  FLAG: 0
- CB: 60885727
  UMI: 3394740
  EC: 208637
  COUNT: 1
  FLAG: 0
- CB: 60885727
  UMI: 12240413
  EC: 204262
  COUNT: 1
  FLAG: 0
- CB: 60889197
  UMI: 6937759
  EC: 340080
  COUNT: 1
  FLAG: 0
- CB: 60895773
  UMI: 6845086
  EC: 732703
  COUNT: 3
  FLAG: 0
- CB: 61005773
  UMI: 1728071
  EC: 668042
  COUNT: 1
  FLAG: 0
- CB: 61008328
  UMI: 3092498
  EC: 760879
  COUNT: 2
  FLAG: 0
- CB: 61031350
  UMI: 8871051
  EC: 107165
  COUNT: 1
  FLAG: 0
- CB: 67668656
  UMI: 309089
  EC: 381085
  COUNT: 1
  FLAG: 0
- CB: 67672764
  UMI: 13828843
  EC: 643424
  COUNT: 1
  FLAG: 0
- CB: 67676118
  UMI: 7943472
  EC: 734698
  COUNT: 1
  FLAG: 0
- CB: 67698970
  UMI: 5117220
  EC: 726742
  COUNT: 1
  FLAG: 0
- CB: 67698970
  UMI: 13899291
  EC: 761558
  COUNT: 1
  FLAG: 0
- CB: 67706415
  UMI: 837648
  EC: 639630
  COUNT: 1
  FLAG: 0
- CB: 67819453
  UMI: 9907094
  EC: 725083
  COUNT: 1
  FLAG: 0
- CB: 67825710
  UMI: 13012220
  EC: 251005
  COUNT: 1
  FLAG: 0
- CB: 67852518
  UMI: 1909145
  EC: 663069
  COUNT: 1
  FLAG: 0
- CB: 67852518
  UMI: 14174122
  EC: 230483
  COUNT: 1
  FLAG: 0
- CB: 68452763
  UMI: 673742
  EC: 298215
  COUNT: 1
  FLAG: 0
- CB: 68490701
  UMI: 13785548
  EC: 298954
  COUNT: 1
  FLAG: 0
- CB: 68497280
  UMI: 8156840
  EC: 668895
  COUNT: 1
  FLAG: 0
- CB: 68500023
  UMI: 10726338
  EC: 123710
  COUNT: 1
  FLAG: 0
- CB: 68614512
  UMI: 1503887
  EC: 823
  COUNT: 2
  FLAG: 0
- CB: 68634392
  UMI: 8911445
  EC: 760797
  COUNT: 1
  FLAG: 0
- CB: 68639840
  UMI: 8205527
  EC: 549936
  COUNT: 1
  FLAG: 0
- CB: 69246933
  UMI: 5172800
  EC: 112144
  COUNT: 1
  FLAG: 0
- CB: 69283106
  UMI: 13517161
  EC: 400007
  COUNT: 1
  FLAG: 0
- CB: 69420064
  UMI: 7389571
  EC: 647415
  COUNT: 2
  FLAG: 0
- CB: 69432958
  UMI: 14658837
  EC: 279932
  COUNT: 1
  FLAG: 0
- CB: 71636030
  UMI: 332483
  EC: 317524
  COUNT: 2
  FLAG: 0
- CB: 71636030
  UMI: 11031118
  EC: 111223
  COUNT: 1
  FLAG: 0
- CB: 71637879
  UMI: 7441692
  EC: 283731
  COUNT: 1
  FLAG: 0
- CB: 71646750
  UMI: 11618284
  EC: 760878
  COUNT: 1
  FLAG: 0
- CB: 71759515
  UMI: 8911113
  EC: 639628
  COUNT: 2
  FLAG: 0
- CB: 78152397
  UMI: 11204429
  EC: 760764
  COUNT: 1
  FLAG: 0
- CB: 78157911
  UMI: 8832644
  EC: 288478
  COUNT: 1
  FLAG: 0
- CB: 78166201
  UMI: 1754043
  EC: 760975
  COUNT: 1
  FLAG: 0
- CB: 78188873
  UMI: 6168155
  EC: 30104
  COUNT: 1
  FLAG: 0
- CB: 78192565
  UMI: 12870580
  EC: 760801
  COUNT: 1
  FLAG: 0
- CB: 78303333
  UMI: 1820212
  EC: 760852
  COUNT: 1
  FLAG: 0
- CB: 78346546
  UMI: 5782276
  EC: 760824
  COUNT: 1
  FLAG: 0
- CB: 84194657
  UMI: 3971589
  EC: 196329
  COUNT: 1
  FLAG: 0
- CB: 84194657
  UMI: 16468249
  EC: 202613
  COUNT: 1
  FLAG: 0
- CB: 84216530
  UMI: 14866482
  EC: 761052
  COUNT: 1
  FLAG: 0

