---
source: src/io.rs
expression: digest_str
---
7c8244640a360b26bfae2351b6200ec2

